==WARNING== Note: Running with unmodified GPU clocks. If not controlled otherwise, profiling results may be inconsistent.
==PROF== Connected to process 116882 (/home/sasmit/miniconda3/envs/kvforge/bin/python3.12)
==WARNING== Unable to access the following 6 metrics: ctc__rx_bytes_data_user.sum, ctc__rx_bytes_data_user.sum.pct_of_peak_sustained_elapsed, ctc__rx_bytes_data_user.sum.per_second, ctc__tx_bytes_data_user.sum, ctc__tx_bytes_data_user.sum.pct_of_peak_sustained_elapsed, ctc__tx_bytes_data_user.sum.per_second.


==PROF== Profiling "sm80_xmma_fprop_implicit_gemm_f32f32_f32f32_f32_nchwkcrs_nchw_tilesize256x64x8_stage3_warpsize2x2x1_g1_ffma_aligna4_alignc4_execute_kernel__5x_cudnn": 0%....50%....100% - 36 passes
Run ID: 33
Mode: ncu
CUDNN benchmark: False
CUDNN deterministic: False
CUDNN allow_tf32: False
Maximum absolute error: 0.0001594768301
Relative L2 error: 4.1820152335153264e-07
Criterion: atol=1e-05, rtol=1.3e-06
Elements outside tolerance: 4736 / 524288 (0.90%)
Elementwise criterion: FAIL
==PROF== Disconnected from process 116882
==PROF== Report: /home/sasmit/ML-Systems-Learning/artifacts/project02-offline/ncu_off_033.ncu-rep
[116882] python3.12@127.0.0.1
  sm80_xmma_fprop_implicit_gemm_f32f32_f32f32_f32_nchwkcrs_nchw_tilesize256x64x8_stage3_warpsize2x2x1_g1_ffma_aligna4_alignc4_execute_kernel__5x_cudnn (1, 32, 1)x(128, 1, 1), Context 1, Stream 7, Device 0, CC 9.0

    NVTX Push/Pop Stack for Thread 116882:
      <default domain>
        <0,conv_fprop_target>
    Warning: Data collection happened without fixed GPU frequencies. Profiling results may be inconsistent.
    Section: GPU Speed Of Light Throughput
    ----------------------- ----------- ------------
    Metric Name             Metric Unit Metric Value
    ----------------------- ----------- ------------
    DRAM Frequency                  Ghz         2.62
    SM Frequency                    Ghz         1.99
    Elapsed Cycles                cycle       147213
    Memory Throughput                 %         8.43
    DRAM Throughput                   %         0.94
    Duration                         us        73.82
    L1/TEX Cache Throughput           %        35.60
    L2 Cache Throughput               %         2.38
    SM Active Cycles              cycle     35065.87
    Compute (SM) Throughput           %        16.98
    ----------------------- ----------- ------------

    OPT   This kernel grid is too small to fill the available resources on this device, resulting in only 0.1 full
          waves across all SMs. Look at Launch Statistics for more details.

    Section: Compute Workload Analysis
    -------------------- ----------- ------------
    Metric Name          Metric Unit Metric Value
    -------------------- ----------- ------------
    Executed Ipc Active   inst/cycle         2.87
    Executed Ipc Elapsed  inst/cycle         0.68
    Issue Slots Busy               %        16.98
    Issued Ipc Active     inst/cycle         2.87
    SM Busy                        %        16.98
    -------------------- ----------- ------------

    OPT   Est. Local Speedup: 87.19%
          All compute pipelines are under-utilized. Either this workload is very small or it doesn't issue enough warps
          per scheduler. Check the Launch Statistics and Scheduler Statistics sections for further details.

    Section: Memory Workload Analysis
    -------------------------------------- ----------- ------------
    Metric Name                            Metric Unit Metric Value
    -------------------------------------- ----------- ------------
    Local Memory Spilling Requests                                0
    Local Memory Spilling Request Overhead           %            0
    Memory Throughput                          Gbyte/s        31.60
    Mem Busy                                         %         8.43
    Max Bandwidth                                    %         6.13
    L1/TEX Hit Rate                                  %        64.21
    L2 Persisting Size                           Mbyte         9.83
    L2 Compression Success Rate                      %            0
    L2 Compression Ratio                             %            0
    L2 Compression Input Sectors                sector        67177
    L2 Hit Rate                                      %        76.27
    Mem Pipes Busy                                   %         3.52
    -------------------------------------- ----------- ------------

    Section: Memory Workload Analysis Chart
    OPT   Est. Speedup: 0.7825%
          Out of the 2149664.0 bytes sent to the L2 Compression unit only 0.00% were successfully compressed. To
          increase this success rate, consider marking only those memory regions as compressible that contain the most
          zero values and/or expose the most homogeneous values.

    Section: Memory Workload Analysis Tables
    OPT   Est. Speedup: 17.8%
          The memory access pattern for shared stores might not be optimal and causes on average a 8.0 - way bank
          conflict across all 4096 shared store requests.This results in 16384 bank conflicts,  which represent 50.00%
          of the overall 32768 wavefronts for shared stores. Check the Source Counters section for uncoalesced shared
          stores.

    Section: Scheduler Statistics
    ---------------------------- ----------- ------------
    Metric Name                  Metric Unit Metric Value
    ---------------------------- ----------- ------------
    One or More Eligible                   %        72.05
    Issued Warp Per Scheduler                        0.72
    No Eligible                            %        27.95
    Active Warps Per Scheduler          warp         1.00
    Eligible Warps Per Scheduler        warp         0.72
    ---------------------------- ----------- ------------

    Section: Warp State Statistics
    ---------------------------------------- ----------- ------------
    Metric Name                              Metric Unit Metric Value
    ---------------------------------------- ----------- ------------
    Warp Cycles Per Issued Instruction             cycle         1.38
    Warp Cycles Per Executed Instruction           cycle         1.38
    Avg. Active Threads Per Warp                                   32
    Avg. Not Predicated Off Threads Per Warp                    30.70
    ---------------------------------------- ----------- ------------

    Section: Instruction Statistics
    ---------------------------------------- ----------- ------------
    Metric Name                              Metric Unit Metric Value
    ---------------------------------------- ----------- ------------
    Avg. Executed Instructions Per Scheduler        inst     25134.06
    Executed Instructions                           inst     13270784
    Avg. Issued Instructions Per Scheduler          inst     25144.73
    Issued Instructions                             inst     13276416
    ---------------------------------------- ----------- ------------

    Section: Launch Statistics
    -------------------------------- --------------- ---------------
    Metric Name                          Metric Unit    Metric Value
    -------------------------------- --------------- ---------------
    Block Size                                                   128
    Cluster Scheduling Policy                           PolicySpread
    Cluster Size                                                   0
    Function Cache Configuration                     CachePreferNone
    Grid Size                                                     32
    Registers Per Thread             register/thread             255
    Shared Memory Configuration Size           Kbyte          135.17
    Driver Shared Memory Per Block       Kbyte/block            1.02
    Dynamic Shared Memory Per Block      Kbyte/block           33.28
    Static Shared Memory Per Block        byte/block               0
    # SMs                                         SM             132
    Stack Size                                                  1024
    Threads                                   thread            4096
    # TPCs                                                        66
    Enabled TPC IDs                                              all
    Uses Green Context                                             0
    Waves Per SM                                                0.12
    -------------------------------- --------------- ---------------

    OPT   Est. Speedup: 75.76%
          The grid for this launch is configured to execute only 32 blocks, which is less than the GPU's 132
          multiprocessors. This can underutilize some multiprocessors. If you do not intend to execute this kernel
          concurrently with other workloads, consider reducing the block size to have at least one block per
          multiprocessor or increase the size of the grid to fully utilize the available hardware resources. See the
          Hardware Model (https://docs.nvidia.com/nsight-compute/ProfilingGuide/index.html#metrics-hw-model)
          description for more details on launch configurations.

    Section: Occupancy
    ------------------------------- ----------- ------------
    Metric Name                     Metric Unit Metric Value
    ------------------------------- ----------- ------------
    Max Active Clusters                 cluster            0
    Max Cluster Size                      block            8
    Overall GPU Occupancy                     %            0
    Cluster Occupancy                         %            0
    Block Limit Barriers                  block           32
    Block Limit SM                        block           32
    Block Limit Registers                 block            2
    Block Limit Shared Mem                block            3
    Block Limit Warps                     block           16
    Theoretical Active Warps per SM        warp            8
    Theoretical Occupancy                     %        12.50
    Achieved Occupancy                        %         6.25
    Achieved Active Warps Per SM           warp         4.00
    ------------------------------- ----------- ------------

    OPT   Est. Local Speedup: 87.5%
          The 2.00 theoretical warps per scheduler this kernel can issue according to its occupancy are below the
          hardware maximum of 16. This kernel's theoretical occupancy (12.5%) is limited by the number of required
          registers.

    Section: GPU and Memory Workload Distribution
    -------------------------- ----------- ------------
    Metric Name                Metric Unit Metric Value
    -------------------------- ----------- ------------
    Average DRAM Active Cycles       cycle      1822.80
    Total DRAM Elapsed Cycles        cycle      7730944
    Average L1 Active Cycles         cycle     35065.87
    Total L1 Elapsed Cycles          cycle     19547748
    Average L2 Active Cycles         cycle     70716.43
    Total L2 Elapsed Cycles          cycle     10083360
    Average SM Active Cycles         cycle     35065.87
    Total SM Elapsed Cycles          cycle     19547748
    Average SMSP Active Cycles       cycle     34896.61
    Total SMSP Elapsed Cycles        cycle     78190992
    -------------------------- ----------- ------------

    OPT   Est. Speedup: 17.94%
          One or more SMs have a much lower number of active cycles than the average number of active cycles. Maximum
          instance value is 75.77% above the average, while the minimum instance value is 100.00% below the average.
    ----- --------------------------------------------------------------------------------------------------------------
    OPT   Est. Speedup: 17.86%
          One or more SMSPs have a much lower number of active cycles than the average number of active cycles. Maximum
          instance value is 75.77% above the average, while the minimum instance value is 100.00% below the average.
    ----- --------------------------------------------------------------------------------------------------------------
    OPT   Est. Speedup: 17.94%
          One or more L1 Slices have a much lower number of active cycles than the average number of active cycles.
          Maximum instance value is 75.77% above the average, while the minimum instance value is 100.00% below the
          average.
    ----- --------------------------------------------------------------------------------------------------------------
    OPT   Est. Speedup: 7.468%
          One or more L2 Slices have a much higher number of active cycles than the average number of active cycles.
          Additionally, other L2 Slices have a much lower number of active cycles than the average number of active
          cycles. Maximum instance value is 13.31% above the average, while the minimum instance value is 14.92% below
          the average.

    Section: Source Counters
    ------------------------- ----------- ------------
    Metric Name               Metric Unit Metric Value
    ------------------------- ----------- ------------
    Branch Instructions Ratio           %         0.00
    Branch Instructions              inst        13440
    Branch Efficiency                   %          100
    Avg. Divergent Branches      branches            0
    ------------------------- ----------- ------------

    OPT   Est. Speedup: 1.964%
          This kernel has uncoalesced shared accesses resulting in a total of 126976 excessive wavefronts (8% of the
          total 1530880 wavefronts). Check the L1 Wavefronts Shared Excessive table for the primary source locations.
          The CUDA Best Practices Guide
           (https://docs.nvidia.com/cuda/cuda-c-best-practices-guide/index.html#shared-memory-in-matrix-multiplication-c
          -ab) has an example on optimizing shared memory accesses.

==WARNING== No metrics to show for section(s): MemoryWorkloadAnalysis_Chart, MemoryWorkloadAnalysis_Tables. Use --print-details option to change the part of the section that should be shown.
