Average time (ms) per step for run 0: 3.5887804200137907
Images per second for run 0: 8916.678162181077
Average time (ms) per step for run 1: 3.5231389599903196
Images per second for run 1: 9082.809495566398
Average time (ms) per step for run 2: 3.4981750800034206
Images per second for run 2: 9147.626767717044
Average time (ms) per step for run 3: 3.549564319982892
Images per second for run 3: 9015.190912262222
Average time (ms) per step for run 4: 3.463782419985364
Images per second for run 4: 9238.45557254581
Final loss: 0.006509366445243359
Mean time (ms) per step (mean of 5 runs): 3.5246882399951573
Median time (ms) per step (mean of 5 runs): 3.5231389599903196
Minimum time (ms) per step (mean of 5 runs): 3.463782419985364
Maximum time (ms) per step (mean of 5 runs): 3.5887804200137907
cuDNN benchmark: True
cuDNN allow TF32: False
run_id: 8
-------------------------------------------------------  ------------  ------------  ------------  ------------  ------------  ------------  ------------  ------------  ------------  ------------  
                                                   Name    Self CPU %      Self CPU   CPU total %     CPU total  CPU time avg     Self CUDA   Self CUDA %    CUDA total  CUDA time avg    # of Calls  
-------------------------------------------------------  ------------  ------------  ------------  ------------  ------------  ------------  ------------  ------------  ------------  ------------  
                                           forward_pass         0.00%       0.000us         0.00%       0.000us       0.000us       8.068ms        88.20%       8.068ms       2.689ms             3  
                             aten::convolution_backward         5.23%       1.808ms         9.12%       3.154ms      52.558us       4.318ms        47.21%       4.318ms      71.970us            60  
                                aten::cudnn_convolution         2.84%     980.975us         8.99%       3.108ms      51.808us       3.322ms        36.32%       3.358ms      55.964us            60  
sm80_xmma_fprop_implicit_gemm_f32f32_f32f32_f32_nchw...         0.00%       0.000us         0.00%       0.000us       0.000us       2.837ms        31.01%       2.837ms      67.547us            42  
sm80_xmma_dgrad_implicit_gemm_f32f32_f32f32_f32_nchw...         0.00%       0.000us         0.00%       0.000us       0.000us       1.739ms        19.01%       1.739ms      57.955us            30  
void cudnn::detail::dgrad_engine<float, 512, 6, 5, 3...         0.00%       0.000us         0.00%       0.000us       0.000us       1.024ms        11.19%       1.024ms      42.653us            24  
                        aten::cudnn_batch_norm_backward         2.48%     858.003us         5.11%       1.769ms      29.479us     451.269us         4.93%     451.269us       7.521us            60  
void cudnn::cnn::wgrad_alg1_engine<float, float, 128...         0.00%       0.000us         0.00%       0.000us       0.000us     375.999us         4.11%     375.999us      41.778us             9  
void cudnn::bn_bw_1C11_singleread<float, 512, true, ...         0.00%       0.000us         0.00%       0.000us       0.000us     349.699us         3.82%     349.699us       6.135us            57  
sm80_xmma_fprop_implicit_gemm_f32f32_f32f32_f32_nchw...         0.00%       0.000us         0.00%       0.000us       0.000us     334.820us         3.66%     334.820us      27.902us            12  
                                 aten::cudnn_batch_norm         3.53%       1.222ms         7.19%       2.486ms      41.434us     325.788us         3.56%     325.788us       5.430us            60  
void cudnn::bn_fw_tr_1C11_singleread<float, 512, tru...         0.00%       0.000us         0.00%       0.000us       0.000us     280.316us         3.06%     280.316us       4.918us            57  
sm80_xmma_gemm_f32f32_f32f32_f32_nt_n_tilesize32x32x...         0.00%       0.000us         0.00%       0.000us       0.000us     248.607us         2.72%     248.607us      10.359us            24  
void wgrad_alg0_engine<float, 128, 5, 5, 3, 3, 3, fa...         0.00%       0.000us         0.00%       0.000us       0.000us     238.914us         2.61%     238.914us      26.546us             9  
                                             aten::add_         1.74%     601.077us         3.09%       1.068ms       9.890us     164.770us         1.80%     164.770us       1.526us           108  
-------------------------------------------------------  ------------  ------------  ------------  ------------  ------------  ------------  ------------  ------------  ------------  ------------  
Self CPU time total: 34.589ms
Self CUDA time total: 9.148ms

/home/sasmit/miniconda3/envs/kvforge/lib/python3.12/site-packages/torch/profiler/profiler.py:224: UserWarning: Warning: Profiler clears events at the end of each cycle.Only events from the current cycle will be reported.To keep events across cycles, set acc_events=True.
  _warn_once(
